../Core/Src/main.c:104:5:main	24	static
../Core/Src/main.c:193:6:SystemClock_Config	80	static
../Core/Src/main.c:231:13:MX_ADC_Init	24	static
../Core/Src/main.c:291:13:MX_DMA_Init	16	static
../Core/Src/main.c:309:13:MX_GPIO_Init	48	static
../Core/Src/main.c:342:6:LCD_Enable	8	static
../Core/Src/main.c:348:6:LCD_Send4Bits	16	static
../Core/Src/main.c:359:6:LCD_SendCmd	16	static
../Core/Src/main.c:368:6:LCD_SendData	16	static
../Core/Src/main.c:378:6:LCD_Init	8	static
../Core/Src/main.c:395:6:LCD_Clear	8	static
../Core/Src/main.c:400:6:LCD_Send_String	16	static
../Core/Src/main.c:431:6:LCD_DrawBar	24	static
../Core/Src/main.c:460:6:LCD_LoadCustomChars	24	static
../Core/Src/main.c:474:6:LCD_PrintFloat	48	static
../Core/Src/main.c:501:6:HAL_ADC_ConvHalfCpltCallback	16	static
../Core/Src/main.c:508:6:HAL_ADC_ConvCpltCallback	16	static
../Core/Src/main.c:520:13:process_adc_half	64	static
../Core/Src/main.c:548:6:start_adc_dma_processing	8	static
../Core/Src/main.c:566:9:map_voltage	24	static
../Core/Src/main.c:582:6:Error_Handler	8	static,ignoring_inline_asm
