../Core/Src/main.c:69:5:main	16	static
../Core/Src/main.c:152:6:SystemClock_Config	80	static
../Core/Src/main.c:188:13:MX_GPIO_Init	48	static
../Core/Src/main.c:221:6:LCD_Enable	8	static
../Core/Src/main.c:228:6:LCD_Send4Bits	16	static
../Core/Src/main.c:236:6:LCD_SendCmd	16	static
../Core/Src/main.c:246:6:LCD_SendData	16	static
../Core/Src/main.c:257:6:LCD_Init	8	static
../Core/Src/main.c:275:6:LCD_Clear	8	static
../Core/Src/main.c:281:6:LCD_Send_String	16	static
../Core/Src/main.c:313:6:LCD_DrawBar	24	static
../Core/Src/main.c:339:6:LCD_LoadCustomChars	24	static
../Core/Src/main.c:371:6:Error_Handler	8	static,ignoring_inline_asm
